// Jest Snapshot v1, https://goo.gl/fbAQLP

exports[`<App /> unit test should highlight the input icon on focus 1`] = `
<input
  className="sc-htoDjs kZQDmi"
  name="test"
  onBlur={[Function]}
  onChange={[Function]}
  onFocus={[Function]}
  placeholder="Whats needs to be done?"
  type="text"
  value=""
/>
`;
